﻿node.exe : [31m[1mEr
ror[22m[39m [31m[1
mHH606:[22m[39m The 
project cannot be 
compiled, see reasons 
below.
At line:1 char:1
+ & "C:\Program Files\
nodejs/node.exe" 
"C:\Program 
Files\nodejs/node_mo 
...
+ ~~~~~~~~~~~~~~~~~~~~
~~~~~~~~~~~~~~~~~~~~~~
~~~~~~~~~~~~~~~~~~~~~~
~~~~~
    + CategoryInfo    
          : NotSpeci  
  fied: ([31m[1mE   
 rror... reasons     
below.:String) []    
, RemoteException
    + FullyQualifiedE 
   rrorId : NativeCo  
  mmandError
 

The Solidity version 
pragma statement in 
these files doesn't 
match any of the 
configured compilers 
in your config. 
Change the pragma or 
configure additional 
compiler versions in 
your hardhat config.

  * @openzeppelin/cont
racts/token/ERC20/exte
nsions/ERC4626.sol 
(^0.8.24)
  * @openzeppelin/cont
racts/utils/Memory.sol
 (^0.8.24)

These files and its 
dependencies cannot 
be compiled with your 
config. This can 
happen because they 
have incompatible 
Solidity pragmas, or 
don't match any of 
your configured 
Solidity compilers.

  * contracts/core/APE
XVault.sol

To learn more, run 
the command again 
with --verbose

Read about compiler 
configuration at https
://v2.hardhat.org/conf
ig


HardhatError: HH606: 
The project cannot be 
compiled, see reasons 
below.

The Solidity version 
pragma statement in 
these files doesn't 
match any of the 
configured compilers 
in your config. 
Change the pragma or 
configure additional 
compiler versions in 
your hardhat config.

  * @openzeppelin/cont
racts/token/ERC20/exte
nsions/ERC4626.sol 
(^0.8.24)
  * @openzeppelin/cont
racts/utils/Memory.sol
 (^0.8.24)

These files and its 
dependencies cannot 
be compiled with your 
config. This can 
happen because they 
have incompatible 
Solidity pragmas, or 
don't match any of 
your configured 
Solidity compilers.

  * contracts/core/APE
XVault.sol

To learn more, run 
the command again 
with --verbose

Read about compiler 
configuration at https
://v2.hardhat.org/conf
ig

    at SimpleTaskDefin
ition.action (C:\Users
\toluk\Desktop\AsterDe
x\node_modules\hardhat
\src\builtin-tasks\com
pile.ts:1093:15)
    at async Environme
nt._runTaskDefinition 
(C:\Users\toluk\Deskto
p\AsterDex\node_module
s\hardhat\src\internal
\core\runtime-environm
ent.ts:351:14)
    at async 
Environment.run (C:\Us
ers\toluk\Desktop\Aste
rDex\node_modules\hard
hat\src\internal\core\
runtime-environment.ts
:184:14)
    at async SimpleTas
kDefinition.action (C:
\Users\toluk\Desktop\A
sterDex\node_modules\h
ardhat\src\builtin-tas
ks\compile.ts:1415:7)
    at async Environme
nt._runTaskDefinition 
(C:\Users\toluk\Deskto
p\AsterDex\node_module
s\hardhat\src\internal
\core\runtime-environm
ent.ts:351:14)
    at async 
Environment.run (C:\Us
ers\toluk\Desktop\Aste
rDex\node_modules\hard
hat\src\internal\core\
runtime-environment.ts
:184:14)
    at async SimpleTas
kDefinition.action (C:
\Users\toluk\Desktop\A
sterDex\node_modules\h
ardhat\src\builtin-tas
ks\compile.ts:1513:7)
    at async Environme
nt._runTaskDefinition 
(C:\Users\toluk\Deskto
p\AsterDex\node_module
s\hardhat\src\internal
\core\runtime-environm
ent.ts:351:14)
    at async Overridde
nTaskDefinition._actio
n (C:\Users\toluk\Desk
top\AsterDex\node_modu
les\@typechain\hardhat
\src\index.ts:23:5)
    at async Environme
nt._runTaskDefinition 
(C:\Users\toluk\Deskto
p\AsterDex\node_module
s\hardhat\src\internal
\core\runtime-environm
ent.ts:351:14)
